================================================================================
工作日志 work-2026-09-23.log
项目：悬浮行情 App（BTC · iOS）｜ 代号 FloatingTicker
================================================================================

--------------------------------------------------------------------------------
[2026-09-23] 阶段一：APNs 不生效 + 灵动岛不跟随浮窗 —— 定位与修复
--------------------------------------------------------------------------------

■ 用户报告的两个症状
  1) APNs 好像没生效
  2) 灵动岛没跟随浮窗更新行情

■ 核心判断：这两个症状**很可能是同一个根因**
  浮窗是 PiP 视频层，走硬件合成管线，**不受 ActivityKit 更新预算约束**；
  锁屏与灵动岛走 ActivityKit，**受预算约束**。
  因此"浮窗照常跳动、灵动岛不动"这个组合，指向的不是"行情没来"，
  而是「系统在按预算丢弃实时活动的更新」—— 且丢弃时**不报错、无回调**。

  而本项目的更新频率是 **1 次/秒**，远高于实时活动的默认预算
  （默认预算是按"偶尔刷新"设计的：外卖进度、比分、登机牌这个量级）。
  缺少 NSSupportsLiveActivitiesFrequentUpdates 声明的后果正是如此。

■ 修复一：补齐高频更新声明（本次最可能的真正病根）
  Support/Info.plist   新增 NSSupportsLiveActivitiesFrequentUpdates = true
  Widget/Info.plist    同样新增
  两处都加的原因：Apple 的 App Services 文档把该键描述为属于 "an app"，
  而多数实践指南写在 Widget 扩展一侧。多余的 Info.plist 键会被忽略，
  不会导致安装或审核问题，因此两处都加以避免押错。

  附带一条**待重测的既有结论**：
  「后台本地 update() 不被采用」这个此前实测到的现象需要重新验证 ——
  它很可能本来就是【更新预算耗尽】的表象，而不是后台本身的限制。
  这一点很关键：它决定 APNs 到底是"必需通道"还是"兜底通道"。
  若重测确认后台本地更新可用，整条链路就能少一个外部依赖。

■ 修复二：推送失败时回退本地更新（兜底）
  Sources/LiveActivity/LiveActivityController.swift
  APNs 推送失败时，同时做一次本地 activity.update()。
  两层理由：APNs 未打通期间灵动岛不至于完全停摆；
  以及上面那条待重测结论 —— 这条兜底本身就是一次持续的实测。

■ 修复三：把 APNs 失败原因翻译成"下一步做什么"
  Sources/LiveActivity/APNsPusher.swift
    · 新增 diagnose(status:body:topic:)，按 Apple 返回的 reason 给出处置建议
    · 新增 lastFailureDiagnosis，并把原始 body 前 120 字符一并记入日志
  Sources/LiveActivity/APNsSettingsView.swift
    · 失败原因**直接显示在界面上**，而不是只写日志

  为什么值得专门做这一层：Apple 的 reason 是精确的，但对使用者没有指向性。
  最容易踩的是这一条 —— **两种 .p8 混淆**：
    · App Store Connect API 密钥（本项目 Ad Hoc 流水线用的正是它）
    · APNs Auth Key（推送必须用这一种）
  两者都是 .p8、都有 10 位 Key ID、都在同一个后台生成。
  粘错时 APNs 只回一个 InvalidProviderToken，光看这串字符根本想不到
  "我粘的是另一把密钥"，于是会反复怀疑是不是抄错了字符。
  诊断映射把这一层直接说出来。

  已覆盖的失败形态：
    InvalidProviderToken   → 粘错私钥（ASC 密钥 vs APNs Auth Key）
    BadDeviceToken         → 环境不匹配（production 包 vs sandbox token）
    DeviceTokenNotForTopic → topic 与 token 不配对（并打印当前 topic 值）
    TopicDisallowed        → App ID 未开启推送能力
    ExpiredProviderToken   → 本机时钟不准（JWT 的 iat 依赖它）
    410                    → token 已失效（活动结束/重建过）
    429                    → 推送被限流（1 次/秒 很可能已超预算）

■ 修复四：推送显式声明"过期即弃"
  apns-expiration: 0（立即投递、不存储、不重投）
  对行情这种时效数据，「迟到的陈旧价」比「没有更新」更糟 ——
  若让 APNs 存储后在设备恢复时批量投递，锁屏上会短暂显示一个
  十几分钟前的价格，而且看不出它是旧的。
  下一个 tick 本来就会带来新价，所以这一条丢了无所谓。

■ 本次的一条方法论
  「两个症状」不要当两件事去修。
  浮窗跳动 + 灵动岛不动，这个**组合本身就是信息** ——
  它把范围从"数据链路"直接缩小到"实时活动的更新投递"，
  从而指向更新预算，而不是去查行情源或网络。
  判据是：谁在动、谁不动；动的那一方走的是哪条通道。

■ 待真机验证（按顺序，前两条是本次的判据）
  1) 前台：灵动岛是否跟随浮窗跳动？
     —— 前台不需要 APNs。若这一条仍不通，说明病根就在更新预算上
  2) 锁屏（浮窗 PiP 保活着）：灵动岛是否仍跟随？
     —— 这一条区分「APNs 必需」与「本地更新够用」
  3) 设置页「发送测试推送」：失败时界面直接给出的原因是什么？
     —— 按提示处置，不再需要翻日志
  4) 若界面提示 429：说明预算仍不够，需要下调后台推送频率

■ 下一步
  1) 出包（Ad Hoc 流水线）→ 真机按上面 4 条验证
  2) 若第 2 条通过：把后台策略改为"本地更新为主 + APNs 兜底"，
     并可考虑把 APNs 从默认必需项降级为可选项
  3) 若界面提示 InvalidProviderToken：去后台新建一把勾选 APNs 的密钥换上
================================================================================
